[datamarcos-corporate-sol-si1cqjh.gamma.site/index.html]
[backblue.gif]
[fade.gif]
[index.html]
[datamarcos-corporate-sol-si1cqjh.gamma.site/_next/static/css/7f1bf32feb6a8541.css]
[datamarcos-corporate-sol-si1cqjh.gamma.site/_next/static/css/653e7bf73c631b0c.css]
[datamarcos-corporate-sol-si1cqjh.gamma.site/_next/static/chunks/polyfills-c67a75d1b6f99dc8.js]
[datamarcos-corporate-sol-si1cqjh.gamma.site/_next/static/chunks/webpack-ef1061bad6f9dc2c.js]
[datamarcos-corporate-sol-si1cqjh.gamma.site/_next/static/chunks/framework-0ac6491e82269c86.js]
[datamarcos-corporate-sol-si1cqjh.gamma.site/_next/static/chunks/main-d6eb89cd5bb22723.js]
[datamarcos-corporate-sol-si1cqjh.gamma.site/_next/static/chunks/pages/_app-b447acfceb9a52b4.js]
[datamarcos-corporate-sol-si1cqjh.gamma.site/_next/static/chunks/5adc83ef-8e07286a1a4aed9b.js]
[datamarcos-corporate-sol-si1cqjh.gamma.site/_next/static/chunks/93656207-ae4c7ec795a89334.js]
[datamarcos-corporate-sol-si1cqjh.gamma.site/_next/static/chunks/b4d7d80c-027091d6b91d779a.js]
[datamarcos-corporate-sol-si1cqjh.gamma.site/_next/static/chunks/ad54e6ef-acfdf0c8fba2940d.js]
[datamarcos-corporate-sol-si1cqjh.gamma.site/_next/static/chunks/69bd6bf3-bc248ffefb750b46.js]
[datamarcos-corporate-sol-si1cqjh.gamma.site/_next/static/chunks/8c469d57-15109969c63e1543.js]
[datamarcos-corporate-sol-si1cqjh.gamma.site/_next/static/chunks/2edb282b-a83f7ffd007bccf0.js]
[datamarcos-corporate-sol-si1cqjh.gamma.site/_next/static/chunks/998ccc15-ad35dfdb33c695e6.js]
[datamarcos-corporate-sol-si1cqjh.gamma.site/_next/static/chunks/b13ba9de-11ef9f2e07c3e310.js]
[datamarcos-corporate-sol-si1cqjh.gamma.site/_next/static/chunks/91bbf309-aaf9ef7a7a89dd3c.js]
[datamarcos-corporate-sol-si1cqjh.gamma.site/_next/static/chunks/ad943d25-7fe3a56c8d1cce87.js]
[datamarcos-corporate-sol-si1cqjh.gamma.site/_next/static/chunks/b155a556-0d5fc585487af832.js]
[datamarcos-corporate-sol-si1cqjh.gamma.site/_next/static/chunks/d08a6a05-4dafbbcaa95fed02.js]
[datamarcos-corporate-sol-si1cqjh.gamma.site/_next/static/chunks/9b583bcd-17d841bbd10b7965.js]
[datamarcos-corporate-sol-si1cqjh.gamma.site/_next/static/chunks/1035ef44-e4d66d81a61710cd.js]
[datamarcos-corporate-sol-si1cqjh.gamma.site/_next/static/chunks/b779bb5e-2a65d4e63e363ec6.js]
[datamarcos-corporate-sol-si1cqjh.gamma.site/_next/static/chunks/a29ae703-46d951b11c376d36.js]
[datamarcos-corporate-sol-si1cqjh.gamma.site/_next/static/chunks/1893-6256943fac77f5e0.js]
[datamarcos-corporate-sol-si1cqjh.gamma.site/_next/static/chunks/4421-edfd889b3dfae67f.js]
[datamarcos-corporate-sol-si1cqjh.gamma.site/_next/static/chunks/pages/published/[docId]-c1cb020c36279ba5.js]
[datamarcos-corporate-sol-si1cqjh.gamma.site/_next/static/4NSvUOI3jPSRmmNzs2FMh/_buildManifest.js]
[datamarcos-corporate-sol-si1cqjh.gamma.site/_next/static/4NSvUOI3jPSRmmNzs2FMh/_ssgManifest.js]
[datamarcos-corporate-sol-si1cqjh.gamma.site/_next/static/media/GammaLogoGradient.43edb67f.svg]
[datamarcos-corporate-sol-si1cqjh.gamma.site/syllab.ai]
[datamarcos-corporate-sol-si1cqjh.gamma.site/index.html]
[datamarcos-corporate-sol-si1cqjh.gamma.site/_next/static/media/KaTeX_AMS-Regular.a79f1c31.woff2]
[datamarcos-corporate-sol-si1cqjh.gamma.site/_next/static/media/KaTeX_AMS-Regular.1608a09b.woff]
[datamarcos-corporate-sol-si1cqjh.gamma.site/_next/static/media/KaTeX_AMS-Regular.4aafdb68.ttf]
[datamarcos-corporate-sol-si1cqjh.gamma.site/_next/static/media/KaTeX_Caligraphic-Bold.ec17d132.woff2]
[datamarcos-corporate-sol-si1cqjh.gamma.site/_next/static/media/KaTeX_Caligraphic-Bold.b6770918.woff]
[datamarcos-corporate-sol-si1cqjh.gamma.site/_next/static/media/KaTeX_Caligraphic-Bold.cce5b8ec.ttf]
[datamarcos-corporate-sol-si1cqjh.gamma.site/_next/static/media/KaTeX_Caligraphic-Regular.55fac258.woff2]
[datamarcos-corporate-sol-si1cqjh.gamma.site/_next/static/media/KaTeX_Caligraphic-Regular.dad44a7f.woff]
[datamarcos-corporate-sol-si1cqjh.gamma.site/_next/static/media/KaTeX_Caligraphic-Regular.07ef19e7.ttf]
[datamarcos-corporate-sol-si1cqjh.gamma.site/_next/static/media/KaTeX_Fraktur-Bold.d42a5579.woff2]
[datamarcos-corporate-sol-si1cqjh.gamma.site/_next/static/media/KaTeX_Fraktur-Bold.9f256b85.woff]
[datamarcos-corporate-sol-si1cqjh.gamma.site/_next/static/media/KaTeX_Fraktur-Bold.b18f59e1.ttf]
[datamarcos-corporate-sol-si1cqjh.gamma.site/_next/static/media/KaTeX_Fraktur-Regular.d3c882a6.woff2]
[datamarcos-corporate-sol-si1cqjh.gamma.site/_next/static/media/KaTeX_Fraktur-Regular.7c187121.woff]
[datamarcos-corporate-sol-si1cqjh.gamma.site/_next/static/media/KaTeX_Fraktur-Regular.ed38e79f.ttf]
[datamarcos-corporate-sol-si1cqjh.gamma.site/_next/static/media/KaTeX_Main-Bold.c3fb5ac2.woff2]
[datamarcos-corporate-sol-si1cqjh.gamma.site/_next/static/media/KaTeX_Main-Bold.d181c465.woff]
[datamarcos-corporate-sol-si1cqjh.gamma.site/_next/static/media/KaTeX_Main-Bold.b74a1a8b.ttf]
[datamarcos-corporate-sol-si1cqjh.gamma.site/_next/static/media/KaTeX_Main-BoldItalic.6f2bb1df.woff2]
[datamarcos-corporate-sol-si1cqjh.gamma.site/_next/static/media/KaTeX_Main-BoldItalic.e3f82f9d.woff]
[datamarcos-corporate-sol-si1cqjh.gamma.site/_next/static/media/KaTeX_Main-BoldItalic.70d8b0a5.ttf]
[datamarcos-corporate-sol-si1cqjh.gamma.site/_next/static/media/KaTeX_Main-Italic.8916142b.woff2]
[datamarcos-corporate-sol-si1cqjh.gamma.site/_next/static/media/KaTeX_Main-Italic.9024d815.woff]
[datamarcos-corporate-sol-si1cqjh.gamma.site/_next/static/media/KaTeX_Main-Italic.47373d1e.ttf]
[datamarcos-corporate-sol-si1cqjh.gamma.site/_next/static/media/KaTeX_Main-Regular.0462f03b.woff2]
[datamarcos-corporate-sol-si1cqjh.gamma.site/_next/static/media/KaTeX_Main-Regular.7f51fe03.woff]
[datamarcos-corporate-sol-si1cqjh.gamma.site/_next/static/media/KaTeX_Main-Regular.b7f8fe9b.ttf]
[datamarcos-corporate-sol-si1cqjh.gamma.site/_next/static/media/KaTeX_Math-BoldItalic.572d331f.woff2]
[datamarcos-corporate-sol-si1cqjh.gamma.site/_next/static/media/KaTeX_Math-BoldItalic.f1035d8d.woff]
[datamarcos-corporate-sol-si1cqjh.gamma.site/_next/static/media/KaTeX_Math-BoldItalic.a879cf83.ttf]
[datamarcos-corporate-sol-si1cqjh.gamma.site/_next/static/media/KaTeX_Math-Italic.f28c23ac.woff2]
[datamarcos-corporate-sol-si1cqjh.gamma.site/_next/static/media/KaTeX_Math-Italic.5295ba48.woff]
[datamarcos-corporate-sol-si1cqjh.gamma.site/_next/static/media/KaTeX_Math-Italic.939bc644.ttf]
[datamarcos-corporate-sol-si1cqjh.gamma.site/_next/static/media/KaTeX_SansSerif-Bold.8c5b5494.woff2]
[datamarcos-corporate-sol-si1cqjh.gamma.site/_next/static/media/KaTeX_SansSerif-Bold.bf59d231.woff]
[datamarcos-corporate-sol-si1cqjh.gamma.site/_next/static/media/KaTeX_SansSerif-Bold.94e1e8dc.ttf]
[datamarcos-corporate-sol-si1cqjh.gamma.site/_next/static/media/KaTeX_SansSerif-Italic.3b1e59b3.woff2]
[datamarcos-corporate-sol-si1cqjh.gamma.site/_next/static/media/KaTeX_SansSerif-Italic.7c9bc82b.woff]
[datamarcos-corporate-sol-si1cqjh.gamma.site/_next/static/media/KaTeX_SansSerif-Italic.b4c20c84.ttf]
[datamarcos-corporate-sol-si1cqjh.gamma.site/_next/static/media/KaTeX_SansSerif-Regular.ba21ed5f.woff2]
[datamarcos-corporate-sol-si1cqjh.gamma.site/_next/static/media/KaTeX_SansSerif-Regular.74048478.woff]
[datamarcos-corporate-sol-si1cqjh.gamma.site/_next/static/media/KaTeX_SansSerif-Regular.d4d7ba48.ttf]
[datamarcos-corporate-sol-si1cqjh.gamma.site/_next/static/media/KaTeX_Script-Regular.03e9641d.woff2]
[datamarcos-corporate-sol-si1cqjh.gamma.site/_next/static/media/KaTeX_Script-Regular.07505710.woff]
[datamarcos-corporate-sol-si1cqjh.gamma.site/_next/static/media/KaTeX_Script-Regular.fe9cbbe1.ttf]
[datamarcos-corporate-sol-si1cqjh.gamma.site/_next/static/media/KaTeX_Size1-Regular.eae34984.woff2]
[datamarcos-corporate-sol-si1cqjh.gamma.site/_next/static/media/KaTeX_Size1-Regular.e1e279cb.woff]
[datamarcos-corporate-sol-si1cqjh.gamma.site/_next/static/media/KaTeX_Size1-Regular.fabc004a.ttf]
[datamarcos-corporate-sol-si1cqjh.gamma.site/_next/static/media/KaTeX_Size2-Regular.5916a24f.woff2]
[datamarcos-corporate-sol-si1cqjh.gamma.site/_next/static/media/KaTeX_Size2-Regular.57727022.woff]
[datamarcos-corporate-sol-si1cqjh.gamma.site/_next/static/media/KaTeX_Size2-Regular.d6b476ec.ttf]
[datamarcos-corporate-sol-si1cqjh.gamma.site/_next/static/media/KaTeX_Size3-Regular.b4230e7e.woff2]
[datamarcos-corporate-sol-si1cqjh.gamma.site/_next/static/media/KaTeX_Size3-Regular.9acaf01c.woff]
[datamarcos-corporate-sol-si1cqjh.gamma.site/_next/static/media/KaTeX_Size3-Regular.a144ef58.ttf]
[datamarcos-corporate-sol-si1cqjh.gamma.site/_next/static/media/KaTeX_Size4-Regular.10d95fd3.woff2]
[datamarcos-corporate-sol-si1cqjh.gamma.site/_next/static/media/KaTeX_Size4-Regular.7a996c9d.woff]
[datamarcos-corporate-sol-si1cqjh.gamma.site/_next/static/media/KaTeX_Size4-Regular.fbccdabe.ttf]
[datamarcos-corporate-sol-si1cqjh.gamma.site/_next/static/media/KaTeX_Typewriter-Regular.a8709e36.woff2]
[datamarcos-corporate-sol-si1cqjh.gamma.site/_next/static/media/KaTeX_Typewriter-Regular.6258592b.woff]
[datamarcos-corporate-sol-si1cqjh.gamma.site/_next/static/media/KaTeX_Typewriter-Regular.d97aaf4a.ttf]
[datamarcos-corporate-sol-si1cqjh.gamma.site/_next/static/css/7f1bf32feb6a8541.css]
[datamarcos-corporate-sol-si1cqjh.gamma.site/_next/static/css/653e7bf73c631b0c.css]
[imgproxy.gamma.app/resize/quality/resizing_type_fit/width_2400/https_/cdn.gamma.app/theme_images/daydream-background.7fcbd301bfcea3f5878fcd6e8d22502a.png]
[imgproxy.gamma.app/resize/quality/resizing_type_fit/width_1200/https_/cdn.gamma.app/ah6n8pyuaqzkidp/generated-images/4vnQU3w7QKPy8NHfHE3NE.jpg]
[imgproxy.gamma.app/resize/quality/resizing_type_fit/width_1000/height_1000/https_/cdn.gamma.app/ah6n8pyuaqzkidp/c3373e8cba0343c68fdc9e2a5081cffb/original/224463-india75-81.jpg]
[imgproxy.gamma.app/resize/quality/resizing_type_fit/width_1000/height_1000/https_/cdn.gamma.app/ah6n8pyuaqzkidp/807512ee0b024c8abd516db0c6084007/original/Accenture-1536x1229.jpg]
[imgproxy.gamma.app/resize/quality/resizing_type_fit/width_1000/height_1000/https_/cdn.gamma.app/ah6n8pyuaqzkidp/c06dec69049b4f699585899e3a80d41e/original/partner-unext.png]
[imgproxy.gamma.app/resize/quality/resizing_type_fit/width_1000/height_1000/https_/cdn.gamma.app/ah6n8pyuaqzkidp/7924567b9c174ab3bd3a49f2cd229a79/original/Akakom-niit.jpg]
[imgproxy.gamma.app/resize/quality/resizing_type_fit/width_1200/https_/cdn.gamma.app/ah6n8pyuaqzkidp/generated-images/rUiKARDP02xZfmv7s2tom.jpg]
[imgproxy.gamma.app/resize/quality/resizing_type_fit/width_1200/https_/cdn.gamma.app/theme_images/daydream/daydream-5_637fc5c4.jpg]
[imgproxy.gamma.app/resize/quality/resizing_type_fit/width_1000/height_1000/https_/cdn.gamma.app/ah6n8pyuaqzkidp/generated-images/E4_NEXKcd1qe_Z1Q6nnxP.jpg]
[imgproxy.gamma.app/resize/quality/resizing_type_fit/width_1000/height_1000/https_/cdn.gamma.app/ah6n8pyuaqzkidp/generated-images/B5RhBCl3uDnnM7fSPHLD3.jpg]
[imgproxy.gamma.app/resize/quality/resizing_type_fit/width_1000/height_1000/https_/cdn.gamma.app/ah6n8pyuaqzkidp/generated-images/9931x5XB7pwgVLA2tJG4C.jpg]
[imgproxy.gamma.app/resize/quality/resizing_type_fit/width_1000/height_1000/https_/cdn.gamma.app/ah6n8pyuaqzkidp/generated-images/lnNTJi0l3alwBVCqDGky1.jpg]
[imgproxy.gamma.app/resize/quality/resizing_type_fit/width_1000/height_1000/https_/cdn.gamma.app/ah6n8pyuaqzkidp/generated-images/AHBVdTPaMihxX5HOHvLDt.jpg]
[imgproxy.gamma.app/resize/quality/resizing_type_fit/width_1000/height_1000/https_/cdn.gamma.app/ah6n8pyuaqzkidp/generated-images/DwHYw1ZdjXm6sVqKrPPi3.jpg]
[imgproxy.gamma.app/resize/quality/resizing_type_fit/width_2400/https_/cdn.gamma.app/ah6n8pyuaqzkidp/generated-images/3aSO01O4TZeU-fW_dn8wc.jpg]
[imgproxy.gamma.app/resize/quality/resizing_type_fit/width_1200/https_/cdn.gamma.app/ah6n8pyuaqzkidp/generated-images/69j4AK7dYY4QpZu7CQ8cr.jpg]
[imgproxy.gamma.app/resize/quality/resizing_type_fit/width_1200/https_/cdn.gamma.app/ah6n8pyuaqzkidp/generated-images/Jk7jQwB5w5SHRtG5EMn6m.jpg]
[imgproxy.gamma.app/resize/quality/resizing_type_fit/width_2400/https_/cdn.gamma.app/ah6n8pyuaqzkidp/generated-images/EI1nBz6bvQYfqxjG5fg0a.jpg]
[datamarcos-corporate-sol-si1cqjh.gamma.site/_next/static/media/GammaLogoGradient.43edb67f.svg]
[datamarcos-corporate-sol-si1cqjh.gamma.site/syllab.html]
